D:/Studium_Software/Projektarbeit/_Final_Master_Light/SubGHz_Phy/App/subghz_phy_app.c:244:6:SubghzApp_Init	104	static
D:/Studium_Software/Projektarbeit/_Final_Master_Light/SubGHz_Phy/App/subghz_phy_app.c:323:13:OnTxDone	4	static
D:/Studium_Software/Projektarbeit/_Final_Master_Light/SubGHz_Phy/App/subghz_phy_app.c:330:13:OnRxDone	24	static
D:/Studium_Software/Projektarbeit/_Final_Master_Light/SubGHz_Phy/App/subghz_phy_app.c:354:13:OnTxTimeout	4	static
D:/Studium_Software/Projektarbeit/_Final_Master_Light/SubGHz_Phy/App/subghz_phy_app.c:361:13:OnRxTimeout	4	static
D:/Studium_Software/Projektarbeit/_Final_Master_Light/SubGHz_Phy/App/subghz_phy_app.c:368:13:OnRxError	4	static
D:/Studium_Software/Projektarbeit/_Final_Master_Light/SubGHz_Phy/App/subghz_phy_app.c:377:13:ConfigModeIdle	48	static
D:/Studium_Software/Projektarbeit/_Final_Master_Light/SubGHz_Phy/App/subghz_phy_app.c:603:13:SyncedWakeup	400	static
D:/Studium_Software/Projektarbeit/_Final_Master_Light/SubGHz_Phy/App/subghz_phy_app.c:763:13:BatteryReadout	8	static
D:/Studium_Software/Projektarbeit/_Final_Master_Light/SubGHz_Phy/App/subghz_phy_app.c:790:13:GSMTest	24	static
D:/Studium_Software/Projektarbeit/_Final_Master_Light/SubGHz_Phy/App/subghz_phy_app.c:920:13:LoRa_FindSync	24	static
D:/Studium_Software/Projektarbeit/_Final_Master_Light/SubGHz_Phy/App/subghz_phy_app.c:998:16:LoRa_StartSleep	16	static
D:/Studium_Software/Projektarbeit/_Final_Master_Light/SubGHz_Phy/App/subghz_phy_app.c:1051:16:alreadyRegistered	24	static
D:/Studium_Software/Projektarbeit/_Final_Master_Light/SubGHz_Phy/App/subghz_phy_app.c:1062:13:indicateLED_return	24	static
D:/Studium_Software/Projektarbeit/_Final_Master_Light/SubGHz_Phy/App/subghz_phy_app.c:1075:13:OnSyncOverEvent	16	static
D:/Studium_Software/Projektarbeit/_Final_Master_Light/SubGHz_Phy/App/subghz_phy_app.c:1079:13:OnledConfIdleEvent	16	static
D:/Studium_Software/Projektarbeit/_Final_Master_Light/SubGHz_Phy/App/subghz_phy_app.c:1084:13:OnGSMConfTimeEvent	16	static
D:/Studium_Software/Projektarbeit/_Final_Master_Light/SubGHz_Phy/App/subghz_phy_app.c:1088:13:OnledFeedbackEventGood	16	static
D:/Studium_Software/Projektarbeit/_Final_Master_Light/SubGHz_Phy/App/subghz_phy_app.c:1093:13:timerSleepWakeupEvent	24	static
D:/Studium_Software/Projektarbeit/_Final_Master_Light/SubGHz_Phy/App/subghz_phy_app.c:1108:5:digits_only	16	static
