D:/Studium_Software/Projektarbeit/_Final_Master_Light/SubGHz_Phy/App/subghz_phy_app.c:244:6:SubghzApp_Init	104	static
D:/Studium_Software/Projektarbeit/_Final_Master_Light/SubGHz_Phy/App/subghz_phy_app.c:323:13:OnTxDone	4	static
D:/Studium_Software/Projektarbeit/_Final_Master_Light/SubGHz_Phy/App/subghz_phy_app.c:330:13:OnRxDone	24	static
D:/Studium_Software/Projektarbeit/_Final_Master_Light/SubGHz_Phy/App/subghz_phy_app.c:354:13:OnTxTimeout	4	static
D:/Studium_Software/Projektarbeit/_Final_Master_Light/SubGHz_Phy/App/subghz_phy_app.c:361:13:OnRxTimeout	4	static
D:/Studium_Software/Projektarbeit/_Final_Master_Light/SubGHz_Phy/App/subghz_phy_app.c:368:13:OnRxError	4	static
D:/Studium_Software/Projektarbeit/_Final_Master_Light/SubGHz_Phy/App/subghz_phy_app.c:377:13:ConfigModeIdle	48	static
D:/Studium_Software/Projektarbeit/_Final_Master_Light/SubGHz_Phy/App/subghz_phy_app.c:603:13:SyncedWakeup	392	static
D:/Studium_Software/Projektarbeit/_Final_Master_Light/SubGHz_Phy/App/subghz_phy_app.c:763:13:BatteryReadout	8	static
D:/Studium_Software/Projektarbeit/_Final_Master_Light/SubGHz_Phy/App/subghz_phy_app.c:790:13:GSMTest	24	static
D:/Studium_Software/Projektarbeit/_Final_Master_Light/SubGHz_Phy/App/subghz_phy_app.c:918:13:LoRa_FindSync	24	static
D:/Studium_Software/Projektarbeit/_Final_Master_Light/SubGHz_Phy/App/subghz_phy_app.c:996:16:LoRa_StartSleep	16	static
D:/Studium_Software/Projektarbeit/_Final_Master_Light/SubGHz_Phy/App/subghz_phy_app.c:1049:16:alreadyRegistered	24	static
D:/Studium_Software/Projektarbeit/_Final_Master_Light/SubGHz_Phy/App/subghz_phy_app.c:1060:13:indicateLED_return	24	static
D:/Studium_Software/Projektarbeit/_Final_Master_Light/SubGHz_Phy/App/subghz_phy_app.c:1073:13:OnSyncOverEvent	16	static
D:/Studium_Software/Projektarbeit/_Final_Master_Light/SubGHz_Phy/App/subghz_phy_app.c:1077:13:OnledConfIdleEvent	16	static
D:/Studium_Software/Projektarbeit/_Final_Master_Light/SubGHz_Phy/App/subghz_phy_app.c:1082:13:OnGSMConfTimeEvent	16	static
D:/Studium_Software/Projektarbeit/_Final_Master_Light/SubGHz_Phy/App/subghz_phy_app.c:1086:13:OnledFeedbackEventGood	16	static
D:/Studium_Software/Projektarbeit/_Final_Master_Light/SubGHz_Phy/App/subghz_phy_app.c:1091:13:timerSleepWakeupEvent	24	static
D:/Studium_Software/Projektarbeit/_Final_Master_Light/SubGHz_Phy/App/subghz_phy_app.c:1106:5:digits_only	16	static
