D:/Studium_Software/Projektarbeit/_Final_Master_Light/Core/Src/stm32wlxx_it.c:75:6:NMI_Handler	4	static
D:/Studium_Software/Projektarbeit/_Final_Master_Light/Core/Src/stm32wlxx_it.c:90:6:HardFault_Handler	4	static
D:/Studium_Software/Projektarbeit/_Final_Master_Light/Core/Src/stm32wlxx_it.c:105:6:MemManage_Handler	4	static
D:/Studium_Software/Projektarbeit/_Final_Master_Light/Core/Src/stm32wlxx_it.c:120:6:BusFault_Handler	4	static
D:/Studium_Software/Projektarbeit/_Final_Master_Light/Core/Src/stm32wlxx_it.c:135:6:UsageFault_Handler	4	static
D:/Studium_Software/Projektarbeit/_Final_Master_Light/Core/Src/stm32wlxx_it.c:150:6:SVC_Handler	4	static
D:/Studium_Software/Projektarbeit/_Final_Master_Light/Core/Src/stm32wlxx_it.c:163:6:DebugMon_Handler	4	static
D:/Studium_Software/Projektarbeit/_Final_Master_Light/Core/Src/stm32wlxx_it.c:176:6:PendSV_Handler	4	static
D:/Studium_Software/Projektarbeit/_Final_Master_Light/Core/Src/stm32wlxx_it.c:189:6:SysTick_Handler	4	static
D:/Studium_Software/Projektarbeit/_Final_Master_Light/Core/Src/stm32wlxx_it.c:209:6:TAMP_STAMP_LSECSS_SSRU_IRQHandler	8	static
D:/Studium_Software/Projektarbeit/_Final_Master_Light/Core/Src/stm32wlxx_it.c:223:6:EXTI3_IRQHandler	8	static
D:/Studium_Software/Projektarbeit/_Final_Master_Light/Core/Src/stm32wlxx_it.c:237:6:DMA1_Channel5_IRQHandler	8	static
D:/Studium_Software/Projektarbeit/_Final_Master_Light/Core/Src/stm32wlxx_it.c:251:6:DMA1_Channel6_IRQHandler	8	static
D:/Studium_Software/Projektarbeit/_Final_Master_Light/Core/Src/stm32wlxx_it.c:265:6:USART1_IRQHandler	8	static
D:/Studium_Software/Projektarbeit/_Final_Master_Light/Core/Src/stm32wlxx_it.c:279:6:USART2_IRQHandler	8	static
D:/Studium_Software/Projektarbeit/_Final_Master_Light/Core/Src/stm32wlxx_it.c:293:6:LPUART1_IRQHandler	8	static
D:/Studium_Software/Projektarbeit/_Final_Master_Light/Core/Src/stm32wlxx_it.c:307:6:EXTI15_10_IRQHandler	8	static,ignoring_inline_asm
D:/Studium_Software/Projektarbeit/_Final_Master_Light/Core/Src/stm32wlxx_it.c:324:6:RTC_Alarm_IRQHandler	8	static
D:/Studium_Software/Projektarbeit/_Final_Master_Light/Core/Src/stm32wlxx_it.c:338:6:SUBGHZ_Radio_IRQHandler	8	static
D:/Studium_Software/Projektarbeit/_Final_Master_Light/Core/Src/stm32wlxx_it.c:352:6:DMA2_Channel5_IRQHandler	8	static
