../../Drivers/STM32WLxx_HAL_Driver/Inc/stm32wlxx_ll_bus.h:449:22:LL_AHB2_GRP1_EnableClock	24	static
../../Drivers/STM32WLxx_HAL_Driver/Inc/stm32wlxx_ll_bus.h:914:22:LL_APB1_GRP1_EnableClock	24	static
../../Drivers/STM32WLxx_HAL_Driver/Inc/stm32wlxx_ll_bus.h:935:22:LL_APB1_GRP2_EnableClock	24	static
../../Drivers/STM32WLxx_HAL_Driver/Inc/stm32wlxx_ll_bus.h:1018:22:LL_APB1_GRP1_DisableClock	16	static
../../Drivers/STM32WLxx_HAL_Driver/Inc/stm32wlxx_ll_bus.h:1034:22:LL_APB1_GRP2_DisableClock	16	static
../../Drivers/STM32WLxx_HAL_Driver/Inc/stm32wlxx_ll_bus.h:1303:22:LL_APB2_GRP1_EnableClock	24	static
../../Drivers/STM32WLxx_HAL_Driver/Inc/stm32wlxx_ll_bus.h:1351:22:LL_APB2_GRP1_DisableClock	16	static
D:/Studium_Software/Projektarbeit/_Final_Master_Light/Core/Src/usart.c:37:6:MX_LPUART1_UART_Init	8	static
D:/Studium_Software/Projektarbeit/_Final_Master_Light/Core/Src/usart.c:81:6:MX_USART1_UART_Init	8	static
D:/Studium_Software/Projektarbeit/_Final_Master_Light/Core/Src/usart.c:125:6:MX_USART2_UART_Init	8	static
D:/Studium_Software/Projektarbeit/_Final_Master_Light/Core/Src/usart.c:168:6:HAL_UART_MspInit	96	static
D:/Studium_Software/Projektarbeit/_Final_Master_Light/Core/Src/usart.c:340:6:HAL_UART_MspDeInit	16	static
D:/Studium_Software/Projektarbeit/_Final_Master_Light/Core/Src/usart.c:416:6:HAL_UARTEx_RxEventCallback	16	static
