D:/Studium_Software/Projektarbeit/_Final_Master_Light/Core/Src/usart_gsm.c:60:6:GSM_UART_RXCallback	24	static
D:/Studium_Software/Projektarbeit/_Final_Master_Light/Core/Src/usart_gsm.c:94:9:GSMSimpleAT	8	static
D:/Studium_Software/Projektarbeit/_Final_Master_Light/Core/Src/usart_gsm.c:127:9:GSMCheckSimInsert	8	static
D:/Studium_Software/Projektarbeit/_Final_Master_Light/Core/Src/usart_gsm.c:166:9:GSMGetRegState	8	static
D:/Studium_Software/Projektarbeit/_Final_Master_Light/Core/Src/usart_gsm.c:204:9:GSMGetSignalStrength	8	static
D:/Studium_Software/Projektarbeit/_Final_Master_Light/Core/Src/usart_gsm.c:243:9:GSMGetBatteryCharge	24	static
D:/Studium_Software/Projektarbeit/_Final_Master_Light/Core/Src/usart_gsm.c:287:9:GSMSendSMS	192	static
D:/Studium_Software/Projektarbeit/_Final_Master_Light/Core/Src/usart_gsm.c:376:9:GSMGetBalance	48	static
D:/Studium_Software/Projektarbeit/_Final_Master_Light/Core/Src/usart_gsm.c:458:13:OnRxTimeout	16	static
D:/Studium_Software/Projektarbeit/_Final_Master_Light/Core/Src/usart_gsm.c:464:13:SetUpTXRXCycle	16	static
